[    0.000000] Initializing cgroup subsys cpuset
[    0.000000] Initializing cgroup subsys cpu
[    0.000000] Initializing cgroup subsys cpuacct
[    0.000000] Linux version 4.4.0-72-generic (buildd@lcy01-26) (gcc version 5.4.0 20160609 (Ubuntu 5.4.0-6ubuntu1~16.04.4) ) #93-Ubuntu SMP Fri Mar 31 14:07:23 UTC 2017 (Ubuntu 4.4.0-72.93-generic 4.4.49)
[    0.000000] KERNEL supported cpus:
[    0.000000]   Intel GenuineIntel
[    0.000000]   AMD AuthenticAMD
[    0.000000]   NSC Geode by NSC
[    0.000000]   Cyrix CyrixInstead
[    0.000000]   Centaur CentaurHauls
[    0.000000]   Transmeta GenuineTMx86
[    0.000000]   Transmeta TransmetaCPU
[    0.000000]   UMC UMC UMC UMC
[    0.000000] x86/fpu: xstate_offset[2]:  576, xstate_sizes[2]:  256
[    0.000000] x86/fpu: Supporting XSAVE feature 0x01: 'x87 floating point registers'
[    0.000000] x86/fpu: Supporting XSAVE feature 0x02: 'SSE registers'
[    0.000000] x86/fpu: Supporting XSAVE feature 0x04: 'AVX registers'
[    0.000000] x86/fpu: Enabled xstate features 0x7, context size is 832 bytes, using 'standard' format.
[    0.000000] x86/fpu: Using 'lazy' FPU context switches.
[    0.000000] e820: BIOS-provided physical RAM map:
[    0.000000] BIOS-e820: [mem 0x0000000000000000-0x000000000009fbff] usable
[    0.000000] BIOS-e820: [mem 0x000000000009fc00-0x000000000009ffff] reserved
[    0.000000] BIOS-e820: [mem 0x00000000000f0000-0x00000000000fffff] reserved
[    0.000000] BIOS-e820: [mem 0x0000000000100000-0x000000003ffeffff] usable
[    0.000000] BIOS-e820: [mem 0x000000003fff0000-0x000000003fffffff] ACPI data
[    0.000000] BIOS-e820: [mem 0x00000000fffc0000-0x00000000ffffffff] reserved
[    0.000000] NX (Execute Disable) protection: active
[    0.000000] SMBIOS 2.5 present.
[    0.000000] Hypervisor detected: KVM
[    0.000000] e820: last_pfn = 0x3fff0 max_arch_pfn = 0x1000000
[    0.000000] MTRR: Disabled
[    0.000000] x86/PAT: MTRRs disabled, skipping PAT initialization too.
[    0.000000] x86/PAT: Configuration [0-7]: WB  WT  UC- UC  WB  WT  UC- UC  
[    0.000000] CPU MTRRs all blank - virtualized system.
[    0.000000] found SMP MP-table at [mem 0x0009fff0-0x0009ffff] mapped at [c009fff0]
[    0.000000] Scanning 1 areas for low memory corruption
[    0.000000] RAMDISK: [mem 0x3635c000-0x371a5fff]
[    0.000000] ACPI: Early table checksum verification disabled
[    0.000000] ACPI: RSDP 0x00000000000E0000 000024 (v02 VBOX  )
[    0.000000] ACPI: XSDT 0x000000003FFF0030 00003C (v01 VBOX   VBOXXSDT 00000001 ASL  00000061)
[    0.000000] ACPI: FACP 0x000000003FFF00F0 0000F4 (v04 VBOX   VBOXFACP 00000001 ASL  00000061)
[    0.000000] ACPI: DSDT 0x000000003FFF0470 002118 (v01 VBOX   VBOXBIOS 00000002 INTL 20160108)
[    0.000000] ACPI: FACS 0x000000003FFF0200 000040
[    0.000000] ACPI: FACS 0x000000003FFF0200 000040
[    0.000000] ACPI: APIC 0x000000003FFF0240 00005C (v02 VBOX   VBOXAPIC 00000001 ASL  00000061)
[    0.000000] ACPI: SSDT 0x000000003FFF02A0 0001CC (v01 VBOX   VBOXCPUT 00000002 INTL 20160108)
[    0.000000] 131MB HIGHMEM available.
[    0.000000] 891MB LOWMEM available.
[    0.000000]   mapped low ram: 0 - 37bfe000
[    0.000000]   low ram: 0 - 37bfe000
[    0.000000] kvm-clock: Using msrs 4b564d01 and 4b564d00
[    0.000000] kvm-clock: cpu 0, msr 0:37bfd001, primary cpu clock
[    0.000000] kvm-clock: using sched offset of 3391160272 cycles
[    0.000000] clocksource: kvm-clock: mask: 0xffffffffffffffff max_cycles: 0x1cd42e4dffb, max_idle_ns: 881590591483 ns
[    0.000000] Zone ranges:
[    0.000000]   DMA      [mem 0x0000000000001000-0x0000000000ffffff]
[    0.000000]   Normal   [mem 0x0000000001000000-0x0000000037bfdfff]
[    0.000000]   HighMem  [mem 0x0000000037bfe000-0x000000003ffeffff]
[    0.000000] Movable zone start for each node
[    0.000000] Early memory node ranges
[    0.000000]   node   0: [mem 0x0000000000001000-0x000000000009efff]
[    0.000000]   node   0: [mem 0x0000000000100000-0x000000003ffeffff]
[    0.000000] Initmem setup node 0 [mem 0x0000000000001000-0x000000003ffeffff]
[    0.000000] Using APIC driver default
[    0.000000] ACPI: PM-Timer IO Port: 0x4008
[    0.000000] IOAPIC[0]: apic_id 2, version 17, address 0xfec00000, GSI 0-23
[    0.000000] ACPI: INT_SRC_OVR (bus 0 bus_irq 0 global_irq 2 dfl dfl)
[    0.000000] ACPI: INT_SRC_OVR (bus 0 bus_irq 9 global_irq 9 high level)
[    0.000000] Using ACPI (MADT) for SMP configuration information
[    0.000000] smpboot: Allowing 2 CPUs, 0 hotplug CPUs
[    0.000000] PM: Registered nosave memory: [mem 0x00000000-0x00000fff]
[    0.000000] PM: Registered nosave memory: [mem 0x0009f000-0x0009ffff]
[    0.000000] PM: Registered nosave memory: [mem 0x000a0000-0x000effff]
[    0.000000] PM: Registered nosave memory: [mem 0x000f0000-0x000fffff]
[    0.000000] e820: [mem 0x40000000-0xfffbffff] available for PCI devices
[    0.000000] Booting paravirtualized kernel on KVM
[    0.000000] clocksource: refined-jiffies: mask: 0xffffffff max_cycles: 0xffffffff, max_idle_ns: 7645519600211568 ns
[    0.000000] setup_percpu: NR_CPUS:8 nr_cpumask_bits:8 nr_cpu_ids:2 nr_node_ids:1
[    0.000000] PERCPU: Embedded 19 pages/cpu @f71b0000 s47436 r0 d30388 u77824
[    0.000000] PV qspinlock hash table entries: 512 (order: 0, 4096 bytes)
[    0.000000] Built 1 zonelists in Zone order, mobility grouping on.  Total pages: 259800
[    0.000000] Kernel command line: BOOT_IMAGE=/boot/vmlinuz-4.4.0-72-generic root=UUID=51c5cf2e-3afd-4d38-a695-6d0b43c15355 ro console=tty1 console=ttyS0
[    0.000000] PID hash table entries: 4096 (order: 2, 16384 bytes)
[    0.000000] Dentry cache hash table entries: 131072 (order: 7, 524288 bytes)
[    0.000000] Inode-cache hash table entries: 65536 (order: 6, 262144 bytes)
[    0.000000] Initializing CPU#0
[    0.000000] Initializing HighMem for node 0 (00037bfe:0003fff0)
[    0.000000] Initializing Movable for node 0 (00000000:00000000)
[    0.000000] Memory: 1008336K/1048120K available (7930K kernel code, 770K rwdata, 3160K rodata, 940K init, 800K bss, 39784K reserved, 0K cma-reserved, 135112K highmem)
[    0.000000] virtual kernel memory layout:
[    0.000000]     fixmap  : 0xfff15000 - 0xfffff000   ( 936 kB)
[    0.000000]     pkmap   : 0xffc00000 - 0xffe00000   (2048 kB)
[    0.000000]     vmalloc : 0xf83fe000 - 0xffbfe000   ( 120 MB)
[    0.000000]     lowmem  : 0xc0000000 - 0xf7bfe000   ( 891 MB)
[    0.000000]       .init : 0xc1b99000 - 0xc1c84000   ( 940 kB)
[    0.000000]       .data : 0xc17bed0b - 0xc1b97a00   (3939 kB)
[    0.000000]       .text : 0xc1000000 - 0xc17bed0b   (7931 kB)
[    0.000000] Checking if this processor honours the WP bit even in supervisor mode...Ok.
[    0.000000] SLUB: HWalign=64, Order=0-3, MinObjects=0, CPUs=2, Nodes=1
[    0.000000] Hierarchical RCU implementation.
[    0.000000] 	Build-time adjustment of leaf fanout to 32.
[    0.000000] 	RCU restricting CPUs from NR_CPUS=8 to nr_cpu_ids=2.
[    0.000000] RCU: Adjusting geometry for rcu_fanout_leaf=32, nr_cpu_ids=2
[    0.000000] NR_IRQS:2304 nr_irqs:440 16
[    0.000000] Console: colour VGA+ 80x25
[    0.000000] console [tty1] enabled
[    0.000000] console [ttyS0] enabled
[    0.000000] allocated 1048576 bytes of page_ext
[    0.000000] tsc: Detected 2594.002 MHz processor
[    0.234565] Calibrating delay loop (skipped) preset value.. 5188.00 BogoMIPS (lpj=10376008)
[    0.235859] pid_max: default: 32768 minimum: 301
[    0.236527] ACPI: Core revision 20150930
[    0.237950] ACPI: 2 ACPI AML tables successfully acquired and loaded
[    0.238901] Security Framework initialized
[    0.240568] Yama: becoming mindful.
[    0.241134] AppArmor: AppArmor initialized
[    0.241770] Mount-cache hash table entries: 2048 (order: 1, 8192 bytes)
[    0.242656] Mountpoint-cache hash table entries: 2048 (order: 1, 8192 bytes)
[    0.250767] Initializing cgroup subsys io
[    0.251410] Initializing cgroup subsys memory
[    0.252054] Initializing cgroup subsys devices
[    0.252703] Initializing cgroup subsys freezer
[    0.253350] Initializing cgroup subsys net_cls
[    0.254008] Initializing cgroup subsys perf_event
[    0.270369] Initializing cgroup subsys net_prio
[    0.314015] Initializing cgroup subsys hugetlb
[    0.314669] Initializing cgroup subsys pids
[    0.315377] CPU: Physical Processor ID: 0
[    0.315986] CPU: Processor Core ID: 0
[    0.318164] mce: CPU supports 0 MCE banks
[    0.318794] Last level iTLB entries: 4KB 1024, 2MB 1024, 4MB 1024
[    0.319604] Last level dTLB entries: 4KB 1024, 2MB 1024, 4MB 1024, 1GB 4
[    0.322848] Freeing SMP alternatives memory: 28K (c1c84000 - c1c8b000)
[    0.330796] ftrace: allocating 31396 entries in 62 pages
[    0.373414] smpboot: APIC(0) Converting physical 0 to logical package 0
[    0.444661] smpboot: Max logical packages: 1
[    0.445332] Enabling APIC mode:  Flat.  Using 1 I/O APICs
[    0.447183] ..TIMER: vector=0x30 apic1=0 pin1=2 apic2=-1 pin2=-1
[    0.554268] smpboot: CPU0: Intel(R) Core(TM) i5-4210M CPU @ 2.60GHz (family: 0x6, model: 0x3c, stepping: 0x3)
[    0.674484] Performance Events: unsupported p6 CPU model 60 no PMU driver, software events only.
[    0.706623] KVM setup paravirtual spinlock
[    0.707954] x86: Booting SMP configuration:
[    0.708585] .... node  #0, CPUs:      #1
[1266874886.318391] Initializing CPU#1
[    0.709651] kvm-clock: cpu 1, msr 0:37bfd041, secondary cpu clock
[    0.712220] mce: CPU supports 0 MCE banks
[    0.724670] x86: Booted up 1 node, 2 CPUs
[    0.743595] smpboot: Total of 2 processors activated (10376.00 BogoMIPS)
[    0.744860] devtmpfs: initialized
[    0.753094] evm: security.selinux
[    0.753658] evm: security.SMACK64
[    0.754260] evm: security.SMACK64EXEC
[    0.755995] evm: security.SMACK64TRANSMUTE
[    0.756609] evm: security.SMACK64MMAP
[    0.757189] evm: security.ima
[    0.757694] evm: security.capability
[    0.758484] clocksource: jiffies: mask: 0xffffffff max_cycles: 0xffffffff, max_idle_ns: 7645041785100000 ns
[    0.759956] pinctrl core: initialized pinctrl subsystem
[    0.760784] RTC time:  2:27:21, date: 04/09/17
[    0.761564] NET: Registered protocol family 16
[    0.789083] EISA bus registered
[    0.802082] cpuidle: using governor ladder
[    0.822307] cpuidle: using governor menu
[    0.835169] PCCT header not found.
[    0.835848] ACPI: bus type PCI registered
[    0.836463] acpiphp: ACPI Hot Plug PCI Controller Driver version: 0.5
[    0.837512] PCI : PCI BIOS area is rw and x. Use pci=nobios if you want it NX.
[    0.838624] PCI: PCI BIOS revision 2.10 entry at 0xfda26, last bus=0
[    0.839460] PCI: Using configuration type 1 for base access
[    0.851377] ACPI: Added _OSI(Module Device)
[    0.898495] ACPI: Added _OSI(Processor Device)
[    0.899168] ACPI: Added _OSI(3.0 _SCP Extensions)
[    0.902492] ACPI: Added _OSI(Processor Aggregator Device)
[    0.903850] ACPI: Executed 1 blocks of module-level executable AML code
[    0.907449] ACPI: Interpreter enabled
[    0.938102] ACPI: (supports S0 S5)
[    0.938780] ACPI: Using IOAPIC for interrupt routing
[    0.943407] PCI: Using host bridge windows from ACPI; if necessary, use "pci=nocrs" and report a bug
[    0.947378] ACPI: PCI Root Bridge [PCI0] (domain 0000 [bus 00-ff])
[    0.948252] acpi PNP0A03:00: _OSC: OS supports [ASPM ClockPM Segments MSI]
[    0.953905] acpi PNP0A03:00: _OSC failed (AE_NOT_FOUND); disabling ASPM
[    1.007332] acpi PNP0A03:00: fail to add MMCONFIG information, can't access extended PCI configuration space under this bridge.
[    1.027826] PCI host bridge to bus 0000:00
[    1.036353] pci_bus 0000:00: root bus resource [io  0x0000-0x0cf7 window]
[    1.037458] pci_bus 0000:00: root bus resource [io  0x0d00-0xffff window]
[    1.066019] pci_bus 0000:00: root bus resource [mem 0x000a0000-0x000bffff window]
[    1.095912] pci_bus 0000:00: root bus resource [mem 0x40000000-0xffdfffff window]
[    1.097034] pci_bus 0000:00: root bus resource [bus 00-ff]
[    1.099156] pci 0000:00:01.1: legacy IDE quirk: reg 0x10: [io  0x01f0-0x01f7]
[    1.106162] pci 0000:00:01.1: legacy IDE quirk: reg 0x14: [io  0x03f6]
[    1.107009] pci 0000:00:01.1: legacy IDE quirk: reg 0x18: [io  0x0170-0x0177]
[    1.120834] pci 0000:00:01.1: legacy IDE quirk: reg 0x1c: [io  0x0376]
[    1.146248] ACPI: PCI Interrupt Link [LNKA] (IRQs 5 9 10 *11)
[    1.201409] ACPI: PCI Interrupt Link [LNKB] (IRQs 5 9 10 *11)
[    1.222700] ACPI: PCI Interrupt Link [LNKC] (IRQs 5 9 *10 11)
[    1.258366] ACPI: PCI Interrupt Link [LNKD] (IRQs 5 *9 10 11)
[    1.282605] ACPI: Enabled 2 GPEs in block 00 to 07
[    1.318392] vgaarb: setting as boot device: PCI:0000:00:02.0
[    1.340650] vgaarb: device added: PCI:0000:00:02.0,decodes=io+mem,owns=io+mem,locks=none
[    1.361253] vgaarb: loaded
[    1.397660] vgaarb: bridge control possible 0000:00:02.0
[    1.457073] SCSI subsystem initialized
[    1.499616] ACPI: bus type USB registered
[    1.507255] usbcore: registered new interface driver usbfs
[    1.508014] usbcore: registered new interface driver hub
[    1.508772] usbcore: registered new device driver usb
[    1.510991] PCI: Using ACPI for IRQ routing
[    1.511854] NetLabel: Initializing
[    1.512406] NetLabel:  domain hash size = 128
[    1.513046] NetLabel:  protocols = UNLABELED CIPSOv4
[    1.513751] NetLabel:  unlabeled traffic allowed by default
[    1.514673] amd_nb: Cannot enumerate AMD northbridges
[    1.515695] clocksource: Switched to clocksource kvm-clock
[    1.524364] AppArmor: AppArmor Filesystem Enabled
[    1.549326] pnp: PnP ACPI init
[    1.550461] pnp: PnP ACPI: found 3 devices
[    1.551092] PnPBIOS: Disabled by ACPI PNP
[    1.591855] clocksource: acpi_pm: mask: 0xffffff max_cycles: 0xffffff, max_idle_ns: 2085701024 ns
[    1.621406] NET: Registered protocol family 2
[    1.622231] TCP established hash table entries: 8192 (order: 3, 32768 bytes)
[    1.623147] TCP bind hash table entries: 8192 (order: 4, 65536 bytes)
[    1.624007] TCP: Hash tables configured (established 8192 bind 8192)
[    1.624853] UDP hash table entries: 512 (order: 2, 16384 bytes)
[    1.625647] UDP-Lite hash table entries: 512 (order: 2, 16384 bytes)
[    1.626508] NET: Registered protocol family 1
[    1.627166] pci 0000:00:00.0: Limiting direct PCI/PCI transfers
[    1.627989] pci 0000:00:01.0: Activating ISA DMA hang workarounds
[    1.628927] Unpacking initramfs...
[    1.837343] Freeing initrd memory: 14632K (f635c000 - f71a6000)
[    1.876310] RAPL PMU detected, API unit is 2^-32 Joules, 4 fixed counters 10737418240 ms ovfl timer
[    1.877898] hw unit of domain pp0-core 2^-0 Joules
[    1.878636] hw unit of domain package 2^-0 Joules
[    1.879377] hw unit of domain dram 2^-0 Joules
[    1.880135] hw unit of domain pp1-gpu 2^-0 Joules
[    1.881003] platform rtc_cmos: registered platform RTC device (no PNP device found)
[    1.882274] Scanning for low memory corruption every 60 seconds
[    1.883626] futex hash table entries: 512 (order: 3, 32768 bytes)
[    1.885673] audit: initializing netlink subsys (disabled)
[    1.886520] audit: type=2000 audit(1491704846.196:1): initialized
[    1.887646] Initialise system trusted keyring
[    1.888656] HugeTLB registered 2 MB page size, pre-allocated 0 pages
[    1.890730] zbud: loaded
[    1.891426] VFS: Disk quotas dquot_6.6.0
[    1.893208] VFS: Dquot-cache hash table entries: 1024 (order 0, 4096 bytes)
[    1.894386] squashfs: version 4.0 (2009/01/31) Phillip Lougher
[    1.895807] fuse init (API version 7.23)
[    1.900824] Key type big_key registered
[    1.905485] Allocating IMA MOK and blacklist keyrings.
[    1.907869] Key type asymmetric registered
[    1.911418] Asymmetric key parser 'x509' registered
[    1.912234] bounce: pool size: 64 pages
[    1.912932] Block layer SCSI generic (bsg) driver version 0.4 loaded (major 249)
[    1.914275] io scheduler noop registered
[    1.914978] io scheduler deadline registered (default)
[    1.921287] io scheduler cfq registered
[    1.922037] pci_hotplug: PCI Hot Plug PCI Core version: 0.5
[    1.922872] pciehp: PCI Express Hot Plug Controller Driver version: 0.4
[    1.923982] ACPI: AC Adapter [AC] (on-line)
[    1.924717] input: Power Button as /devices/LNXSYSTM:00/LNXPWRBN:00/input/input0
[    1.927084] ACPI: Power Button [PWRF]
[    1.927796] input: Sleep Button as /devices/LNXSYSTM:00/LNXSLPBN:00/input/input1
[    1.929016] ACPI: Sleep Button [SLPF]
[    1.929862] GHES: HEST is not enabled!
[    1.930754] ACPI: Battery Slot [BAT0] (battery present)
[    1.937991] isapnp: Scanning for PnP cards...
[    1.976177] Serial: 8250/16550 driver, 32 ports, IRQ sharing enabled
[    1.998609] 00:02: ttyS0 at I/O 0x3f8 (irq = 4, base_baud = 115200) is a 16550A
[    2.013963] Linux agpgart interface v0.103
[    2.015777] loop: module loaded
[    2.071578] scsi host0: ata_piix
[    2.075943] scsi host1: ata_piix
[    2.087771] ata1: PATA max UDMA/33 cmd 0x1f0 ctl 0x3f6 bmdma 0xd000 irq 14
[    2.088769] ata2: PATA max UDMA/33 cmd 0x170 ctl 0x376 bmdma 0xd008 irq 15
[    2.090044] libphy: Fixed MDIO Bus: probed
[    2.090736] tun: Universal TUN/TAP device driver, 1.6
[    2.091534] tun: (C) 1999-2004 Max Krasnyansky <maxk@qualcomm.com>
[    2.092526] PPP generic driver version 2.4.2
[    2.093281] ehci_hcd: USB 2.0 'Enhanced' Host Controller (EHCI) Driver
[    2.094256] ehci-pci: EHCI PCI platform driver
[    2.109013] ehci-platform: EHCI generic platform driver
[    2.109845] ohci_hcd: USB 1.1 'Open' Host Controller (OHCI) Driver
[    2.110798] ohci-pci: OHCI PCI platform driver
[    2.112967] ohci-platform: OHCI generic platform driver
[    2.113796] uhci_hcd: USB Universal Host Controller Interface driver
[    2.114796] i8042: PNP: PS/2 Controller [PNP0303:PS2K,PNP0f03:PS2M] at 0x60,0x64 irq 1,12
[    2.116756] serio: i8042 KBD port at 0x60,0x64 irq 1
[    2.136215] serio: i8042 AUX port at 0x60,0x64 irq 12
[    2.143845] mousedev: PS/2 mouse device common for all mice
[    2.145153] input: AT Translated Set 2 keyboard as /devices/platform/i8042/serio0/input/input2
[    2.153322] rtc_cmos rtc_cmos: rtc core: registered rtc_cmos as rtc0
[    2.154320] rtc_cmos rtc_cmos: alarms up to one day, 114 bytes nvram
[    2.155275] i2c /dev entries driver
[    2.155955] device-mapper: uevent: version 1.0.3
[    2.156935] device-mapper: ioctl: 4.34.0-ioctl (2015-10-28) initialised: dm-devel@redhat.com
[    2.161361] platform eisa.0: Probing EISA bus 0
[    2.164478] platform eisa.0: EISA: Cannot allocate resource for mainboard
[    2.165488] platform eisa.0: Cannot allocate resource for EISA slot 1
[    2.166434] platform eisa.0: Cannot allocate resource for EISA slot 2
[    2.168644] platform eisa.0: Cannot allocate resource for EISA slot 3
[    2.169587] platform eisa.0: Cannot allocate resource for EISA slot 4
[    2.170529] platform eisa.0: Cannot allocate resource for EISA slot 5
[    2.171480] platform eisa.0: Cannot allocate resource for EISA slot 6
[    2.172453] platform eisa.0: Cannot allocate resource for EISA slot 7
[    2.173397] platform eisa.0: Cannot allocate resource for EISA slot 8
[    2.174338] platform eisa.0: EISA: Detected 0 cards
[    2.175148] cpufreq-nforce2: No nForce2 chipset.
[    2.175900] ledtrig-cpu: registered to indicate activity on CPUs
[    2.177059] NET: Registered protocol family 10
[    2.178001] NET: Registered protocol family 17
[    2.180526] Key type dns_resolver registered
[    2.181477] microcode: CPU0 sig=0x306c3, pf=0x40, revision=0x0
[    2.205351] microcode: CPU1 sig=0x306c3, pf=0x40, revision=0x0
[    2.206438] microcode: Microcode Update Driver: v2.01 <tigran@aivazian.fsnet.co.uk>, Peter Oruba
[    2.214673] Using IPI No-Shortcut mode
[    2.215474] registered taskstats version 1
[    2.217323] Loading compiled-in X.509 certificates
[    2.220201] Loaded X.509 cert 'Build time autogenerated kernel key: 3cb92b22054f9a517a2a4c6457de97d88531dff7'
[    2.223263] zswap: loaded using pool lzo/zbud
[    2.233187] Key type trusted registered
[    2.237386] Key type encrypted registered
[    2.239281] AppArmor: AppArmor sha1 policy hashing enabled
[    2.240193] ima: No TPM chip found, activating TPM-bypass!
[    2.241075] evm: HMAC attrs: 0x1
[    2.241844]   Magic number: 13:796:459
[    2.244497] rtc_cmos rtc_cmos: setting system clock to 2017-04-09 02:27:22 UTC (1491704842)
[    2.251919] BIOS EDD facility v0.16 2004-Jun-25, 0 devices found
[    2.253897] EDD information not available.
[    2.336485] isapnp: No Plug & Play device found
[    2.726087] Freeing unused kernel memory: 940K (c1b99000 - c1c84000)
[    2.728272] Write protecting the kernel text: 7932k
[    2.729103] Write protecting the kernel read-only data: 3168k
[    2.729954] NX-protecting the kernel data: 6404k
Loading, please wait...
starting version[    2.742251] random: systemd-udevd: uninitialized urandom read (16 bytes read, 1 bits of entropy available)
 229
[    2.742691] random: udevadm: uninitialized urandom read (16 bytes read, 1 bits of entropy available)
[    2.742726] random: udevadm: uninitialized urandom read (16 bytes read, 1 bits of entropy available)
[    2.742844] random: udevadm: uninitialized urandom read (16 bytes read, 1 bits of entropy available)
[    2.742888] random: udevadm: uninitialized urandom read (16 bytes read, 1 bits of entropy available)
[    2.742928] random: udevadm: uninitialized urandom read (16 bytes read, 1 bits of entropy available)
[    2.742972] random: udevadm: uninitialized urandom read (16 bytes read, 1 bits of entropy available)
[    2.743013] random: udevadm: uninitialized urandom read (16 bytes read, 1 bits of entropy available)
[    2.743078] random: udevadm: uninitialized urandom read (16 bytes read, 1 bits of entropy available)
[    2.743123] random: udevadm: uninitialized urandom read (16 bytes read, 1 bits of entropy available)
[    2.885438] tsc: Refined TSC clocksource calibration: 2602.796 MHz
[    2.885441] clocksource: tsc: mask: 0xffffffffffffffff max_cycles: 0x25848d630f8, max_idle_ns: 440795318419 ns
[    3.348348] Fusion MPT base driver 3.04.20
[    3.360353] Copyright (c) 1999-2008 LSI Corporation
[    3.367598] e1000: Intel(R) PRO/1000 Network Driver - version 7.3.21-k8-NAPI
[    3.386341] e1000: Copyright (c) 1999-2006 Intel Corporation.
[    3.422228] Fusion MPT SPI Host driver 3.04.20
[    3.627224] input: ImExPS/2 Generic Explorer Mouse as /devices/platform/i8042/serio1/input/input4
[    3.946416] e1000 0000:00:03.0 eth0: (PCI:33MHz:32-bit) 02:ba:9d:25:04:86
[    3.976107] e1000 0000:00:03.0 eth0: Intel(R) PRO/1000 Network Connection
[    3.978100] e1000 0000:00:03.0 enp0s3: renamed from eth0
[    3.982332] mptbase: ioc0: Initiating bringup
[    4.100037] ioc0: LSI53C1030 A0: Capabilities={Initiator}
[    4.285550] scsi host2: ioc0: LSI53C1030 A0, FwRev=00000000h, Ports=1, MaxQ=256, IRQ=20
[    4.416123] scsi 2:0:0:0: Direct-Access     VBOX     HARDDISK         1.0  PQ: 0 ANSI: 5
[    4.422797] scsi target2:0:0: Beginning Domain Validation
[    4.429604] scsi target2:0:0: Domain Validation skipping write tests
[    4.430540] scsi target2:0:0: Ending Domain Validation
[    4.431378] scsi target2:0:0: asynchronous
[    4.432503] scsi 2:0:1:0: Direct-Access     VBOX     HARDDISK         1.0  PQ: 0 ANSI: 5
[    4.433825] scsi target2:0:1: Beginning Domain Validation
[    4.435342] scsi target2:0:1: Domain Validation skipping write tests
[    4.436362] scsi target2:0:1: Ending Domain Validation
[    4.437243] scsi target2:0:1: asynchronous
[    4.448552] sd 2:0:0:0: Attached scsi generic sg0 type 0
[    4.450528] sd 2:0:0:0: [sda] 20971520 512-byte logical blocks: (10.7 GB/10.0 GiB)
[    4.452109] sd 2:0:1:0: Attached scsi generic sg1 type 0
[    4.457341] sd 2:0:0:0: [sda] Write Protect is off
[    4.503208] sd 2:0:0:0: [sda] Incomplete mode parameter data
[    4.715883] sd 2:0:0:0: [sda] Assuming drive cache: write through
[    4.715909] sd 2:0:1:0: [sdb] 20480 512-byte logical blocks: (10.5 MB/10.0 MiB)
[    4.716044] sd 2:0:1:0: [sdb] Write Protect is off
[    4.716100] sd 2:0:1:0: [sdb] Incomplete mode parameter data
[    4.716101] sd 2:0:1:0: [sdb] Assuming drive cache: write through
[    4.753322]  sda: sda1
[    4.801648] sd 2:0:0:0: [sda] Attached SCSI disk
[    4.806770] sd 2:0:1:0: [sdb] Attached SCSI disk
[    6.363938] floppy0: no floppy controllers found
Begin: Loading essential drivers ... [    7.727435] md: linear personality registered for level -1
[    7.732546] md: multipath personality registered for level -4
[    7.892204] md: raid0 personality registered for level 0
[    8.034272] md: raid1 personality registered for level 1
[    8.115733] raid6: mmxx1    gen()  5936 MB/s
[    8.303761] raid6: mmxx2    gen()  6117 MB/s
[    8.375757] raid6: sse1x1   gen()  4649 MB/s
[    8.443746] raid6: sse1x2   gen()  6244 MB/s
[    8.515701] raid6: sse2x1   gen() 10277 MB/s
[    8.587744] raid6: sse2x1   xor()  7661 MB/s
[    8.659739] raid6: sse2x2   gen() 12984 MB/s
[    8.731750] raid6: sse2x2   xor()  8325 MB/s
[    8.735878] raid6: using algorithm sse2x2 gen() 12984 MB/s
[    8.736710] raid6: .... xor() 8325 MB/s, rmw enabled
[    8.737482] raid6: using ssse3x1 recovery algorithm
[    8.741212] xor: automatically using best checksumming function:
[    8.779738]    avx       : 29170.000 MB/sec
[    8.788711] async_tx: api initialized (async)
[    8.810886] md: raid6 personality registered for level 6
[    8.826138] md: raid5 personality registered for level 5
[    8.826870] md: raid4 personality registered for level 4
[    8.834409] md: raid10 personality registered for level 10
done.
Begin: Running /scripts/init-premount ... done.
Begin: Mounting root file system ... Begin: Running /scripts/local-top ... done.
Begin: Running /scripts/local-premount ... [    8.896747] Btrfs loaded
Scanning for Btrfs filesystems
done.
Warning: fsck not present, so skipping root file system
[    8.976505] EXT4-fs (sda1): mounted filesystem with ordered data mode. Opts: (null)
done.
Begin: Running /scripts/local-bottom ... done.
Begin: Running /scripts/init-bottom ... done.
[    9.914211] systemd[1]: systemd 229 running in system mode. (+PAM +AUDIT +SELINUX +IMA +APPARMOR +SMACK +SYSVINIT +UTMP +LIBCRYPTSETUP +GCRYPT +GNUTLS +ACL +XZ -LZ4 +SECCOMP +BLKID +ELFUTILS +KMOD -IDN)
[    9.938093] systemd[1]: Detected virtualization oracle.
[    9.941917] systemd[1]: Detected architecture x86.

Welcome to [1mUbuntu 16.04.1 LTS[0m!

[    9.993754] systemd[1]: Set hostname to <ubuntu-xenial>.
[   10.136381] random: nonblocking pool is initialized
[   10.484723] systemd[1]: Created slice System Slice.
[[0;32m  OK  [0m] Created slice System Slice.
[   10.703734] systemd[1]: Started Forward Password Requests to Wall Directory Watch.
[[0;32m  OK  [0m] Started Forward Password Requests to Wall Directory Watch.
[   10.837399] systemd[1]: Listening on udev Kernel Socket.
[[0;32m  OK  [0m] Listening on udev Kernel Socket.
[   10.838931] systemd[1]: Listening on Journal Socket.
[[0;32m  OK  [0m] Listening on Journal Socket.
[   10.851921] systemd[1]: Starting Uncomplicated firewall...
         Starting Uncomplicated firewall...
[   10.907500] systemd[1]: Mounting POSIX Message Queue File System...
         Mounting POSIX Message Queue File System...
[   10.923132] systemd[1]: Listening on LVM2 poll daemon socket.
[[0;32m  OK  [0m] Listening on LVM2 poll daemon socket.
[   10.924803] systemd[1]: Listening on Device-mapper event daemon FIFOs.
[[0;32m  OK  [0m] Listening on Device-mapper event daemon FIFOs.
[   10.926817] systemd[1]: Created slice system-serial\x2dgetty.slice.
[[0;32m  OK  [0m] Created slice system-serial\x2dgetty.slice.
[   10.929205] systemd[1]: Starting Set console keymap...
         Starting Set console keymap...
[   11.001791] systemd[1]: Reached target User and Group Name Lookups.
[[0;32m  OK  [0m] Reached target User and Group Name Lookups.
[   11.003529] systemd[1]: Listening on Syslog Socket.
[[0;32m  OK  [0m] Listening on Syslog Socket.
[   11.005103] systemd[1]: Listening on Journal Audit Socket.
[[0;32m  OK  [0m] Listening on Journal Audit Socket.
[   11.006633] systemd[1]: Listening on Journal Socket (/dev/log).
[[0;32m  OK  [0m] Listening on Journal Socket (/dev/log).
[   11.010063] systemd[1]: Starting Journal Service...
         Starting Journal Service...
[   11.056626] systemd[1]: Listening on /dev/initctl Compatibility Named Pipe.
[[0;32m  OK  [0m] Listening on /dev/initctl Compatibility Named Pipe.
[   11.059039] systemd[1]: Starting Remount Root and Kernel File Systems...
[   11.080449] EXT4-fs (sda1): re-mounted. Opts: (null)
         Starting Remount Root and Kernel File Systems...
[   11.122788] systemd[1]: Starting Load Kernel Modules...
         Starting Load Kernel Modules...
[   11.143839] systemd[1]: Reached target Swap.
[[0;32m  OK  [0m] Reached target Swap.
[   11.146439] systemd[1]: Reached target Encrypted Volumes.
[[0;32m  OK  [0m] Reached target Encrypted Volumes.
[   11.150061] systemd[1]: Mounting Huge Pages File System...
         Mounting Huge Pages File System...
[   11.153734] systemd[1]: Starting Nameserver information manager...
         Starting Nameserver information manager...
[   11.227449] systemd[1]: Starting Create list of required static device nodes for the current kernel...
         Startin[   11.250122] Loading iSCSI transport class v2.0-870.
g Create list of required st... nodes for the current kernel...
[   11.257795] systemd[1]: Mounting Debug File System...
         Mounting Debug File System...
[   11.288048] systemd[1]: Listening on LVM2 metadata daemon socket.
[[0;32m  OK  [0m] Listening on LVM2 metadata daemon socket.
[   11.311892] systemd[1]: Starting Monitoring of LVM2 mirrors, snapshots etc. using dmeventd or progress polling...
         Starting Monitoring of LVM2 mirrors... dmeventd or progress polling...
[   11.482913] systemd[1]: Listening on udev Control Socket.
[[0;32m  OK  [0m] Listening on udev Control Socket.
[   11.485227] systemd[1]: Set up automount Arbitrary Executable File Formats File System Automount Point.
[[0;32m  OK  [0m] Set up automount Arbitrary Executab...ats File System Automount Point.
[   11.508305] systemd[1]: Created slice User and Session Slice.
[[0;32m  OK  [0m] Created slice User and Session Slice.
[   11.527169] systemd[1]: Reached target Slices.
[[0;32m  OK  [0m[   11.531380] iscsi: registered transport (tcp)
] Reached target Slices.
[   11.556665] systemd[1]: Mounted Huge Pages File System.
[[0;32m  OK  [0m] Mounted Huge Pages File System.
[   11.584625] systemd[1]: Mounted POSIX Message Queue File System.
[[0;32m  OK  [0m] Mounted POSIX Message Queue File System.
[   11.589443] systemd[1]: Mounted Debug File System.
[[0;32m  OK  [0m] Mounted Debug File System.
[   11.623970] systemd[1]: Started Journal Service.
[[0;32m  OK  [[   11.626589] iscsi: registered transport (iser)
0m] Started Journal Service.
[[0;32m  OK  [0m] Started Uncomplicated firewall.
[[0;32m  OK  [0m] Started Set console keymap.
[[0;32m  OK  [0m] Started Remount Root and Kernel File Systems.
[[0;32m  OK  [0m] Started Load Kernel Modules.
[[0;32m  OK  [0m] Started Create list of required sta...ce nodes for the current kernel.
[[0;32m  OK  [0m] Started Nameserver information manager.
[[0;32m  OK  [0m] Started LVM2 metadata daemon.
         Starting Create Static Device Nodes in /dev...
         Starting Apply Kernel Variables...
         Mounting FUSE Control File System...
         Starting Load/Save Random Seed...
         Starting udev Coldplug all Devices...
         Starting Initial cloud-init job (pre-networking)...
         Starting Flush Journal to Persistent Storage...
[[0;32m  OK  [0m] Mounted FUSE Control File System.
[[0;32m  OK  [0m] Started Apply Kernel Variables.
[[0;32m  OK  [0m] Started Load/Save Random Seed.
[[0;32m  OK  [0m] Started udev Coldplug all Devices.
[[0;32m  OK  [0m] Started Flush Journal to Persistent Storage.
[[0;32m  OK  [0m] Started Create Static Device Nodes in /dev.
         Starting udev Kernel Device Manager...
[[0;32m  OK  [0m] Started Monitoring of LVM2 mirrors,...ng dmeventd or progress polling.
[[0;32m  OK  [0m] Started udev Kernel Device Manager.
[[0;32m  OK  [0m] Reached target Local File Systems (Pre).
[[0;32m  OK  [0m] Reached target Local File Systems.
         Starting Create Volatile Files and Directories...
         Starting Set console font and keymap...
         Starting Tell Plymouth To Write Out Runtime Data...
         Starting LSB: AppArmor initialization...
[[0;32m  OK  [0m] Started Dispatch Password Requests to Console Directory Watch.
[[0;32m  OK  [0m] Started Tell Plymouth To Write Out Runtime Data.
[[0;32m  OK  [0m] Found device /dev/ttyS0.
[[0;32m  OK  [0m] Started Create Volatile Files and Directories.
[[0;32m  OK  [0m] Reached target System Time Synchronized.
         Starting Update UTMP about System Boot/Shutdown...
[[0;32m  OK  [0m] Found device 82540EM Gigabit Ethern...r (PRO/1000 MT Desktop Adapter).
[[0;32m  OK  [0m] Started Set console font and keymap.
[[0;32m  OK  [0m] Created slice system-getty.slice.
[[0;32m  OK  [0m] Started Update UTMP about System Boot/Shutdown.
[[0;32m  OK  [0m] Listening on Load/Save RF Kill Switch Status /dev/rfkill Watch.
[[0;32m  OK  [0m] Started LSB: AppArmor initialization.
[   15.099655] cloud-init[431]: Cloud-init v. 0.7.8 running 'init-local' at Sun, 09 Apr 2017 02:27:36 +0000. Up 14.69 seconds.
[[0;32m  OK  [0m] Started Initial cloud-init job (pre-networking).
[[0;32m  OK  [0m] Reached target Network (Pre).
[[0;32m  OK  [0m] Started ifup for enp0s3.
         Starting Raise network interfaces...
[[0;32m  OK  [0m] Started Raise network interfaces.
         Starting Initial cloud-init job (metadata service crawler)...
[[0;32m  OK  [0m] Reached target Network.
[   16.300314] cloud-init[948]: Cloud-init v. 0.7.8 running 'init' at Sun, 09 Apr 2017 02:27:37 +0000. Up 15.80 seconds.
[   16.337803] cloud-init[948]: ci-info: +++++++++++++++++++++++++++++++++++++Net device info+++++++++++++++++++++++++++++++++++++
[[0;32m  OK  [0m] Started Initial cloud-init job (metadata service crawler).
[[0;32m  OK  [0m] Reached target Cloud-config availability.
[   16.398773] cloud-init[948]: ci-info: +--------+------+---------------------------+---------------+-------+-------------------+
[   16.468539] cloud-init[948]: ci-info: | Device |  Up  |          Address          |      Mask     | Scope |     Hw-Address    |
[   16.470220] cloud-init[948]: ci-info: +--------+------+---------------------------+---------------+-------+-------------------+
[[0;32m  OK  [0m] Reached target Network is Online.
[   16.494176] cloud-init[948]: ci-info: | enp0s3 | True |         10.0.2.15         | 255.255.255.0 |   .   | 02:ba:9d:25:04:86 |
[   16.502336] cloud-init[948]: ci-info: | enp0s3 | True | fe80::ba:9dff:fe25:486/64 |       .       |  link | 02:ba:9d:25:04:86 |
[   16.503968] cloud-init[948]: ci-info: |   lo   | True |         127.0.0.1         |   255.0.0.0   |   .   |         .         |
[   16.542306] cloud-init[948]: ci-info: |   lo   | True |          ::1/128          |       .       |  host |         .         |
[   16.543957] cloud-init[948]: ci-info: +--------+------+---------------------------+---------------+-------+-------------------+
         Starting iSCSI initiator daemon (iscsid)...
[[0;32m  OK  [0m] Reached target System Initialization.
[[0;32m  OK  [0m] Listening on D-Bus System Message Bus Socket.
[   16.549454] cloud-init[948]: ci-info: +++++++++++++++++++++++++++Route IPv4 info++++++++++++++++++++++++++++
[   16.553583] cloud-init[948]: ci-info: +-------+-------------+----------+---------------+-----------+-------+
[   16.554952] cloud-init[948]: ci-info: | Route | Destination | Gateway  |    Genmask    | Interface | Flags |
[   16.557421] cloud-init[948]: ci-info: +-------+-------------+----------+---------------+-----------+-------+
[   16.558894] cloud-init[948]: ci-info: |   0   |   0.0.0.0   | 10.0.2.2 |    0.0.0.0    |   enp0s3  |   UG  |
         Starting LXD - unix socket.
[[0;32m  OK  [0m] Listening on ACPID Listen Socket.
[   16.563510] cloud-init[948]: ci-info: |   1   |   10.0.2.0  | 0.0.0.0  | 255.255.255.0 |   enp0s3  |   U   |
[   16.567659] cloud-init[948]: ci-info: +-------+-------------+----------+---------------+-----------+-------+
[[0;32m  OK  [0m] Started Timer to automatically refresh installed snaps.
         Starting Socket activation for snappy daemon.
[[0;32m  OK  [0m] Started Daily Cleanup of Temporary Directories.
[[0;32m  OK  [0m] Started ACPI Events Check.
[[0;32m  OK  [0m] Started Trigger resolvconf update for networkd DNS.
[[0;32m  OK  [0m] Reached target Paths.
[[0;32m  OK  [0m] Started Daily apt activities.
[[0;32m  OK  [0m] Reached target Timers.
[[0;32m  OK  [0m] Listening on UUID daemon activation socket.
[[0;32m  OK  [0m] Listening on LXD - unix socket.
[[0;32m  OK  [0m] Listening on Socket activation for snappy daemon.
[[0;32m  OK  [0m] Reached target Sockets.
[[0;32m  OK  [0m] Reached target Basic System.
         Starting Login Service...
[[0;32m  OK  [0m] Started ACPI event daemon.
[[0;32m  OK  [0m] Started Regular background program processing daemon.
         Starting Accounts Service...
         Starting LXD - container startup/shutdown...
         Starting /etc/rc.local Compatibility...
         Starting Apply the settings specified in cloud-config...
[[0;32m  OK  [0m] Started Deferred execution scheduler.
[[0;32m  OK  [0m] Started FUSE filesystem for LXC.
         Starting OpenBSD Secure Shell server...
[[0;32m  OK  [0m] Started D-Bus System Message Bus.
[   17.513389] cloud-init[1018]: Cloud-init v. 0.7.8 running 'modules:config' at Sun, 09 Apr 2017 02:27:38 +0000. Up 17.26 seconds.
[[0;32m  OK  [0m] Started Snappy daemon.
         Starting Auto import assertions from block devices...
         Starting System Logging Service...
         Starting LSB: Record successful boot for GRUB...
         Starting LSB: MD monitoring daemon...
[[0;32m  OK  [0m] Started iSCSI initiator daemon (iscsid).
[[0;32m  OK  [0m] Started /etc/rc.local Compatibility.
[[0;32m  OK  [0m] Started Apply the settings specified in cloud-config.
[[0;32m  OK  [0m] Started Auto import assertions from block devices.
         Starting Login to default iSCSI targets...
[[0;32m  OK  [0m] Started Login Service.
[[0;32m  OK  [0m] Started OpenBSD Secure Shell server.
[[0;32m  OK  [0m] Started LSB: Record successful boot for GRUB.
[[0;32m  OK  [0m] Started LSB: MD monitoring daemon.
         Starting Authenticate and Authorize Users to Run Privileged Tasks...
[[0;32m  OK  [0m] Started System Logging Service.
[[0;32m  OK  [0m] Started Login to default iSCSI targets.
[[0;32m  OK  [0m] Reached target Remote File Systems (Pre).
[[0;32m  OK  [0m] Reached target Remote File Systems.
         Starting LSB: VirtualBox Linux Additions...
         Starting LSB: daemon to balance interrupts for SMP systems...
         Starting LSB: No Display Manager...
         Starting Permit User Sessions...
         Starting LSB: Set the CPU Frequency Scaling governor to "ondemand"...
         Starting LSB: automatic crash report generation...
[[0;32m  OK  [0m] Started Authenticate and Authorize Users to Run Privileged Tasks.
[[0;32m  OK  [0m] Started Accounts Service.
[[0;32m  OK  [0m] Started LSB: No Display Manager.
[[0;32m  OK  [0m] Started Permit User Sessions.
[[0;32m  OK  [0m] Started LSB: Set the CPU Frequency Scaling governor to "ondemand".
         Starting Hold until boot process finishes up...
         Starting Terminate Plymouth Boot Screen...
[[0;32m  OK  [0m] Started Hold until boot process finishes up.
[[0;32m  OK  [0m] Started Getty on tty1.
[[0;32m  OK  [0m] Started Serial Getty on ttyS0.
[[0;32m  OK  [0m] Reached target Login Prompts.
         Starting Set console scheme...
[[0;32m  OK  [0m] Started Terminate Plymouth Boot Screen.
[[0;32m  OK  [0m] Created slice User Slice of ubuntu.
         Starting User Manager for UID 1000...
[[0;32m  OK  [0m] Started Session 1 of user ubuntu.
[[0;32m  OK  [0m] Started LSB: daemon to balance interrupts for SMP systems.
[[0;32m  OK  [0m] Started Set console scheme.
[[0;32m  OK  [0m] Started LSB: automatic crash report generation.
[[0;32m  OK  [0m] Started User Manager for UID 1000.
[[0;32m  OK  [0m] Started LSB: VirtualBox Linux Additions.
[[0;32m  OK  [0m] Started LXD - container startup/shutdown.
[[0;32m  OK  [0m] Reached target Multi-User System.
         Starting Execute cloud user/final scripts...
[[0;32m  OK  [0m] Reached target Graphical Interface.
         Starting Update UTMP about System Runlevel Changes...
[[0;32m  OK  [0m] Started Update UTMP about System Runlevel Changes.
[   20.017611] cloud-init[1203]: Cloud-init v. 0.7.8 running 'modules:final' at Sun, 09 Apr 2017 02:27:41 +0000. Up 19.68 seconds.
[   20.042789] cloud-init[1203]: Cloud-init v. 0.7.8 finished at Sun, 09 Apr 2017 02:27:41 +0000. Datasource DataSourceNoCloud [seed=/dev/sdb][dsmode=net].  Up 20.00 seconds
[[0;32m  OK  [0m] Started Execute cloud user/final scripts.
[[0;32m  OK  [0m] Reached target Cloud-init target.

Ubuntu 16.04.1 LTS ubuntu-xenial ttyS0

ubuntu-xenial login:          Stopping Session c1 o          Stopping LSB: MD monitoring daemon...
[[0;32m  OK  [0m] Unmounted /var/lib/lxcfs.
[[0;32m  OK  [0m] Stopped ACPI event daemon.
[[0;32m  OK  [0m] Stopped Regular background program processing daemon.
[[0;32m  OK  [0m] Stopped Accounts Service.
[[0;32m  OK  [0m] Stopped Deferred execution scheduler.
[[0;32m  OK  [0m] Stopped OpenBSD Secure Shell server.
[[0;32m  OK  [0m] Stopped Snappy daemon.
[[0;32m  OK  [0m] Stopped System Logging Service.
[[0;32m  OK  [0m] Stopped Authenticate and Authorize Users to Run Privileged Tasks.
[[0;32m  OK  [0m] Stopped Getty on tty1.
[[0;32m  OK  [0m] Stopped Serial Getty on ttyS0.
[[0;32m  OK  [0m] Stopped User Manager for UID 1000.
[[0;32m  OK  [0m] Stopped Session c1 of user ubuntu.
[[0;32m  OK  [0m] Stopped D-Bus System Message Bus.
[[0;32m  OK  [0m] Stopped FUSE filesystem for LXC.
[[0;32m  OK  [0m] Stopped LSB: daemon to balance interrupts for SMP systems.
[[0;32m  OK  [0m] Stopped LSB: VirtualBox Linux Additions.
[[0;32m  OK  [0m] Stopped LSB: Record successful boot for GRUB.
[[0;32m  OK  [0m] Stopped LSB: No Display Manager.
[[0;32m  OK  [0m] Stopped LSB: MD monitoring daemon.
[[0;32m  OK  [0m] Stopped LSB: Set the CPU Frequency Scaling governor to "ondemand".
[[0;32m  OK  [0m] Stopped LSB: automatic crash report generation.
[[0;32m  OK  [0m] Stopped LXD - container startup/shutdown.
[[0;32m  OK  [0m] Removed slice system-serial\x2dgetty.slice.
[[0;32m  OK  [0m] Stopped /etc/rc.local Compatibility.
[[0;32m  OK  [0m] Removed slice system-getty.slice.
[[0;32m  OK  [0m] Stopped Session 2 of user ubuntu.
[[0;32m  OK  [0m] Removed slice User Slice of ubuntu.
         Stopping Login Service...
         Stopping Permit User Sessions...
[[0;32m  OK  [0m] Stopped Permit User Sessions.
[[0;32m  OK  [0m] Stopped User Manager for UID 1000.
[[0;32m  OK  [0m] Stopped target Remote File Systems.
[[0;32m  OK  [0m] Stopped target Remote File Systems (Pre).
         Stopping Login to default iSCSI targets...
[[0;32m  OK  [0m] Stopped Login Service.
[[0;32m  OK  [0m] Stopped target Basic System.
[[0;32m  OK  [0m] Stopped target Slices.
[[0;32m  OK  [0m] Stopped target Sockets.
[[0;32m  OK  [0m] Closed UUID daemon activation socket.
[[0;32m  OK  [0m] Closed LXD - unix socket.
[[0;32m  OK  [0m] Closed Syslog Socket.
[[0;32m  OK  [0m] Closed ACPID Listen Socket.
[[0;32m  OK  [0m] Closed Socket activation for snappy daemon.
[[0;32m  OK  [0m] Stopped target Paths.
[[0;32m  OK  [0m] Stopped Forward Password Requests to Wall Directory Watch.
[[0;32m  OK  [0m] Stopped ACPI Events Check.
[[0;32m  OK  [0m] Stopped Trigger resolvconf update for networkd DNS.
[[0;32m  OK  [0m] Stopped Dispatch Password Requests to Console Directory Watch.
[[0;32m  OK  [0m] Removed slice User and Session Slice.
[[0;32m  OK  [0m] Stopped target User and Group Name Lookups.
[[0;32m  OK  [0m] Closed D-Bus System Message Bus Socket.
[[0;32m  OK  [0m] Stopped target System Initialization.
         Stopping Load/Save Random Seed...
         Stopping Update UTMP about System Boot/Shutdown...
[[0;32m  OK  [0m] Stopped target Swap.
[[0;32m  OK  [0m] Stopped target Encrypted Volumes.
[[0;32m  OK  [0m] Stopped Load/Save Random Seed.
[[0;32m  OK  [0m] Stopped Update UTMP about System Boot/Shutdown.
[[0;32m  OK  [0m] Stopped Create Volatile Files and Directories.
[[0;32m  OK  [0m] Stopped Login to default iSCSI targets.
         Stopping iSCSI initiator daemon (iscsid)...
[[0;32m  OK  [0m] Stopped iSCSI initiator daemon (iscsid).
[[0;32m  OK  [0m] Stopped target Network is Online.
[[0;32m  OK  [0m] Stopped Initial cloud-init job (metadata service crawler).
[[0;32m  OK  [0m] Stopped target Network.
         Stopping Raise network interfaces...
[[0;32m  OK  [0m] Stopped Raise network interfaces.
[[0;32m  OK  [0m] Stopped Apply Kernel Variables.
[[0;32m  OK  [0m] Stopped target Network (Pre).
[[0;32m  OK  [0m] Stopped Initial cloud-init job (pre-networking).
[[0;32m  OK  [0m] Stopped target Local File Systems.
         Unmounting /vagrant...
         Unmounting /run/user/1000...
         Starting Unattended Upgrades Shutdown...
[[0;32m  OK  [0m] Stopped Load Kernel Modules.
[[0;32m  OK  [0m] Unmounted /vagrant.
[[0;32m  OK  [0m] Unmounted /run/user/1000.
[[0;32m  OK  [0m] Reached target Unmount All Filesystems.
[[0;32m  OK  [0m] Stopped target Local File Systems (Pre).
[[0;32m  OK  [0m] Stopped Create Static Device Nodes in /dev.
         Stopping Monitoring of LVM2 mirrors... dmeventd or progress polling...
[[0;32m  OK  [0m] Stopped Remount Root and Kernel File Systems.
[[0;32m  OK  [0m] Started Unattended Upgrades Shutdown.
[[0;32m  OK  [0m] Stopped Monitoring of LVM2 mirrors,...ng dmeventd or progress polling.
         Stopping LVM2 metadata daemon...
[[0;32m  OK  [0m] Reached target Shutdown.
[   55.115535] reboot: Power down
